-----BEGIN PGP SIGNED MESSAGE-----
Hash: SHA256

{"version":1,"header":{"digest":"sha1:ada68a4647c332f3b89905972c28432bf8dfbe91"},"objects":[{"relativeId":0,"descriptorDigest":"sha1:70607658d3ba40269698f3045f8fdc71d0548f48","objectDigest":"sha1:5b6f4d388e3bfe2ff34ef90365b35370daa3c4c4"}]}
-----BEGIN PGP SIGNATURE-----

wsBcBAEBCAAQBQJZr0CRCRCiDCfuf/e6hAAANfsIAFgwlUvrO/fV5RIJ4ZTewAeV
seoNbir1nH+ZtyYb4FxlmO/OgwQ6Hr90SeCkOamwi3ktmlW+GEjTFvZa5KwiTe45
pGnP0t6aq3t6svUL8onnuMJecGf9yESGhcR6ig3qqgZbvSxIAaPdgwENQVqcK6cu
XGdSuheArJweKoZzLgzvOzbxgRKjfQBev+JHsjNR800uPFfJZ/eOUVavLL+STjeI
zioRKnhAQ/zs9gRdIHWp4bimNCoxZTgHuPuoBnLz2B65P7D3H/gU4Bi7LFsRo8+l
dw6qoXkifqk/nk58XPlxUny/ssRd65qoRT6obHOUX/dz2g5kpZYLFvnPqyEd2iM=
=dqFA
-----END PGP SIGNATURE-----