-----BEGIN PGP SIGNED MESSAGE-----
Hash: SHA256

{"version":1,"header":{"digest":"sha1:ada68a4647c332f3b89905972c28432bf8dfbe91"},"objects":[{"relativeId":1,"descriptorDigest":"sha1:bca0416acad6be788547cdc0476f65bcd7b82d34","objectDigest":"sha1:d78f8bb992a56a597f6c7a1fb918bb78271367eb"}]}
-----BEGIN PGP SIGNATURE-----

wsBcBAEBCAAQBQJZr0CRCRCiDCfuf/e6hAAAnsYIACHdV/6TAcOzZ31xKohYVBcb
h1pjWCaOgAei+RG0CGWFi248B3oqXk+yeFiaZwoiEaoXO/ULo9i64Cba9gZ6zA68
EzBUY+AsIQauBTFbDy4nVsiMi7ax5w1bJlB014QSThw67SMckmS91MWM6ZMk2yOb
RhUkIZXHVZHD9KiPzn93vuTa8IkRr8autmtaeQ7eBatEv5bKt1M4i/SCr8e6mlIV
jYQsgfpmkaV54vOVBQi9fIP7kkk1ETR7x/8ID5+JcikI/XjOAUppXxsSQgrA5nPi
/Ok28Puq4j8THd8bi2RTXZPYez8UrtJUKm1U3ITnwcKuvYCUveJcXtA49la4cb8=
=kHXH
-----END PGP SIGNATURE-----