{"digest":"sha1:bd6b562b49ff04470f641ad3c971822303049826"}
