{"digest":"sha224:31cf6775000d78360a8378514b754d4d0f9a9dc72dec67a31739d019"}
