{"digest":"sha256:e4e0a4c2091f3616919387746ef99664be16a73ff5a7967828e0b1b3dc528334"}
