{"digest":"sha384:c4be3519d2a464bcbe2a7dbca0e3d1e371b7c6b293adfc1a22cd855a45bddfa4b4c812f708822201f4f5e72755dd51c2"}
