{"digest":"sha512:ccc6e0a6e13dc23ece0ce87c5dab7c280c9001ea365bf3ec68e499d659a057a5d48a95e1a6759b202cb8ffdf9a149387cc2aff4d977496c8672b92068abfda60"}
