{"version":1,"header":{"digest":"sha1:313bbaf1d5d420d20c968e61447bcffd225a652a"},"objects":[{"id":2,"descriptorDigest":"sha1:15cf1f503594b31b240e349fb44b53f44a096eaa","objectDigest":"sha1:d78f8bb992a56a597f6c7a1fb918bb78271367eb"}]}
