{"version":1,"header":{"digest":"sha1:313bbaf1d5d420d20c968e61447bcffd225a652a"},"objects":[{"id":1,"descriptorDigest":"sha1:be238933d8763b29506d681c945c5a6e5d742741","objectDigest":"sha1:15146b9bf4f1f5f9bf176a398d8c4f0321c63064"},{"id":2,"descriptorDigest":"sha1:6b1176c5e7241f4e88c71bbad6c117b6e838efc2","objectDigest":"sha1:d78f8bb992a56a597f6c7a1fb918bb78271367eb"}]}
