{"version":1,"header":{"digest":"sha224:c0ae7d94c89f1362a2d09cc1aa93f2727c006e40870d549980031cc0"},"objects":[{"relativeId":0,"descriptorDigest":"sha224:cd2d0d0c419472c37dce398aed779483e4c47a309b4236f2cc6b4829","objectDigest":"sha224:071bce5faa03c2016d3e1e086ccb60b6ea3cabc493c9aa1013594efd"},{"relativeId":1,"descriptorDigest":"sha224:eca6896335c1df4d4bf4cca06c374707adcae09ff3e6ed4ea861de0d","objectDigest":"sha224:55b9eee5f60cc362ddc07676f620372611e22272f60fdbec94f243f8"}]}
