{"version":1,"header":{"digest":"sha256:ede69c40a81f3bb34ad0248fa61ab1c413af90455ce55b472adab9a370443c0a"},"objects":[{"id":1,"descriptorDigest":"sha256:f288a779b3557deea5d828d09ef503514b7e8901c745e4ae3f9b6f860dfcf63d","objectDigest":"sha256:004dfc8da678c309de28b5386a1e9efd57f536b150c40d29b31506aa0fb17ec2"},{"id":2,"descriptorDigest":"sha256:3434a32e72da23f5040b5e0683bc747bbad1dc13ebd53b98c5208ccbe2e364c1","objectDigest":"sha256:5f78c33274e43fa9de5659265c1d917e25c03722dcb0b8d27db8d5feaa813953"}]}
