{"version":1,"header":{"digest":"sha384:650fb925fc3ad50d69b5656858f8656b168b11e57d692fd68bcb4de089c181751018588adec98ec85daed2357df82bd0"},"objects":[{"relativeId":0,"descriptorDigest":"sha384:5095d7d5b68500da2f34945a3bb9900b1a1cd878c5a9238bf24bcdaed16e08176c96d54a8e2a5d2d2c120297273cfb6e","objectDigest":"sha384:f8722c6694c4997334525090678b2148f6263502c3eb144a44e8be0d2bfd039f4067a3f8152f94ab3af7c63acfe78ce6"},{"relativeId":1,"descriptorDigest":"sha384:d1af9db568b131e495a3bb72c0df91650dd10cd363aae58576885c1e25170016000cde50ca9ce5a62ef41bee528e184f","objectDigest":"sha384:0b7e0522460767c74abb4245bc0d3a27209a5aed111059faead54ffc74a93759160ac9642d7a7df3038ece62f2fa9815"}]}
