{"version":1,"header":{"digest":"sha512:83c180a1e3c9216cae0306a9594c7f951ed86c2408a143f98b8021de31991144d14a829ebae8923137f58fd40e061d1ece48655827248bbe6c1cde0583186c2d"},"objects":[{"id":1,"descriptorDigest":"sha512:0630b84fe683c32ddcd06fde8b591291b9e168083bb14177a82d1c4a6970e2722294edcedf3f531eb29ea76dd2dadeba67748b64ee79cf978355e34501d0ee33","objectDigest":"sha512:808e1f67ffbdbdae30946529b920a1ad6d49c0c50423bc0c9d41ece566e291b6c3e6b6839f3095fbab6bc15a5b971b07d4b8b2f22b982ce3c2b8fd05eef7e1b3"},{"id":2,"descriptorDigest":"sha512:d57d16d99f307d36e1f9b726726147f44ba67320b618876beca7d61b6082880b2508904949f09e2806e975a17ec58f4df5b77b9e2525ea08e076a77d9a6cea17","objectDigest":"sha512:1284b2d521535196f22175d5f558104220a6ad7680e78b49fa6f20e57ea7b185d71ec1edb137e70eba528dedb141f5d2f8bb53149d262932b27cf41fed96aa7f"}]}
