{"relativeId":1,"descriptorDigest":"sha1:f3681c97de35ea124cd2e3687ed62988c7138f3a","objectDigest":"sha1:5bf1fd927dfb8679496a2e6cf00cbe50c1c87145"}
