{"id":1,"descriptorDigest":"sha1:3bd59bd5a0bc503a2d61d73cc2a0ba3a01cea29d","objectDigest":"sha1:5bf1fd927dfb8679496a2e6cf00cbe50c1c87145"}
