{"id":1,"descriptorDigest":"sha224:5fa9882d39dae8858eef719d337ad37f29780f532f3b91dbffaa1902","objectDigest":"sha224:0570b8b9a94b1429b3ba5f4b744a174633fcbfedf6f022cf33da3e99"}
