{"id":1,"descriptorDigest":"sha256:331b2ed915ec95ca354a255601b75798b2a989ead61f462c163573e32bd7b6cb","objectDigest":"sha256:8b7df143d91c716ecfa5fc1730022f6b421b05cedee8fd52b1fc65a96030ad52"}
