{"id":1,"descriptorDigest":"sha384:e49d90cdb90b019c3c104f67124e24dd592265fe1f80e83e39880083af76b1d63879ff1eb4fa20f9337b068691d600a8","objectDigest":"sha384:0ca752991753e9fcc29ebc053c86bffb8b266b69ecf82e01fbdf380d65a1e38cbdf72f623721fbe01eb8909cb7e0bb59"}
