{"id":1,"descriptorDigest":"sha512:050d336501982b30dff2012630630d37c17287cf32cf6385de086e4cce9e14cd91f8278092e99537ce9a9002432856809947c9915a87b7c42c69fe78a7ab8085","objectDigest":"sha512:39ca2b1f97c7d1d223dcb2b22cbe20c36f920aeefd201d0bf68ffc08db6d9ac608a0a202fb536d944c9d1f50cf9bd61b5bc84217212f0727a8db8a01c2fa54b7"}
